// Jest Snapshot v1, https://goo.gl/fbAQLP

exports[`TodoListContainer renders correctly 1`] = `
<div>
  <input
    data-testid="todoInput"
    onChange={[Function]}
    placeholder="투두리스트 입력"
    style={
      Object {
        "color": "black",
      }
    }
    type="text"
    value=""
  />
  <button
    className="storybook-button storybook-button--large storybook-button--primary"
    data-testid="todoButton"
    onClick={[Function]}
    style={
      Object {
        "backgroundColor": "purple",
        "color": "white",
      }
    }
    type="button"
  >
    Add
  </button>
  <ul />
</div>
`;
