// Jest Snapshot v1, https://goo.gl/fbAQLP

exports[`List renders correctly 1`] = `
<ul
  data-testid="todoList"
>
  <li
    style={
      Object {
        "margin": "1em 0",
      }
    }
  >
    첫번째
    <span
      onClick={[Function]}
      style={
        Object {
          "cursor": "pointer",
        }
      }
    >
      X
    </span>
  </li>
</ul>
`;

exports[`List should render as long as the data 1`] = `
<ul
  data-testid="todoList"
>
  <li
    style={
      Object {
        "margin": "1em 0",
      }
    }
  >
    첫번째
    <span
      onClick={[Function]}
      style={
        Object {
          "cursor": "pointer",
        }
      }
    >
      X
    </span>
  </li>
  <li
    style={
      Object {
        "margin": "1em 0",
      }
    }
  >
    두번쨰
    <span
      onClick={[Function]}
      style={
        Object {
          "cursor": "pointer",
        }
      }
    >
      X
    </span>
  </li>
</ul>
`;
